C51 COMPILER V9.00   MAIN                                                                  03/29/2016 16:57:10 PAGE 1   


C51 COMPILER V9.00, COMPILATION OF MODULE MAIN
OBJECT MODULE PLACED IN .\main.obj
COMPILER INVOKED BY: C:\Keil_C51\C51\BIN\C51.EXE ..\src\main.c BROWSE INCDIR(..\inc) DEBUG OBJECTEXTEND PRINT(.\main.lst
                    -) OBJECT(.\main.obj)

line level    source

   1          #include "reg52.h"
   2          #include "pwm.h"
   3          
   4          void InitWorld(void)
   5          {
   6   1      }
   7          
   8          void main(void)
   9          {
  10   1              char i;
  11   1      
  12   1              InitWorld();
  13   1              for(i = 1; i <= 12; i++)
  14   1                      PWMSet(i, 2);
  15   1              PWMStart();
  16   1      
  17   1              while(1);
  18   1      }


MODULE INFORMATION:   STATIC OVERLAYABLE
   CODE SIZE        =     30    ----
   CONSTANT SIZE    =   ----    ----
   XDATA SIZE       =   ----    ----
   PDATA SIZE       =   ----    ----
   DATA SIZE        =   ----       1
   IDATA SIZE       =   ----    ----
   BIT SIZE         =   ----    ----
END OF MODULE INFORMATION.


C51 COMPILATION COMPLETE.  0 WARNING(S),  0 ERROR(S)
